
                            <!DOCTYPE html>
                            <meta name="viewport" content="width=device-width, initial-scale=1.0"> 
                            <html>
                            <head>
                            <meta charset="UTF-8">
                            <link rel="stylesheet" href="../simple_style.css">
                            <title>expected</title>
                    </head>
                    <body>
                    <div id="definition"><ul>EXPECTED <a class="pc" href="../pdfs/bor.pdf#page=248-a">[248-a]</a>, <i>p. p.</i> apekzitaH -tA -taM<sk slp1=",">,</sk> pratIkzitaH -tA -taM<sk slp1=",">,</sk> AkAMkzitaH -tA -taM<sk slp1=",">,</sk> cittakalitaH -tA -taM<sk slp1=";">;</sk> ‘to be expected,’ apekzaRIyaH -yA -yaM<sk slp1=",">,</sk> AkAMkzaRIyaH -yA -yaM. </ul></div><div id="nav"><div id="prev"><a href="mwe_expectation.html">◀ expectation</a></div><div id="next"><a href="mwe_expectorate.html">expectorate ▶</a></div></div>
                            </body>
                            </html>
                            <script src="../simple_script.js"></script>
                            